{"tool":"phpunit","result":"failed","tests":2,"passed":1,"assertions":9,"duration_ms":858,"failed":1,"failures":[{"test":"Tests\\Feature\\EquipmentFinancialAccessTest::test_general_member_cannot_view_financials","file":"/opt/project/syukuba-executive-committee/tests/Feature/EquipmentFinancialAccessTest.php","line":43,"message":"Failed asserting that '<!DOCTYPE html>\\n\n<html lang=\"ja\">\\n\n<head>\\n\n <meta charset=\"UTF-8\">\\n\n <meta name=\"viewport\" content=\"width=device-width, initial-scale=1.0\">\\n\n <meta name=\"csrf-token\" content=\"VpKuv3pBD0sYmwUmAwv7va0s0mN8L1dasf4ISXGl\">\\n\n <title>\u90e8\u9580\u5225\u30b3\u30b9\u30c8\u914d\u5206\u30de\u30c8\u30ea\u30af\u30b9 | \u4fdd\u571f\u30b1\u8c37\u5bbf\u5834\u307e\u3064\u308a\u5b9f\u884c\u59d4\u54e1\u4f1a</title>\\n\n \\n\n <!-- Google Fonts (Outfit, Outfit, Outfit or Noto Sans JP) -->\\n\n <link rel=\"preconnect\" href=\"https://fonts.googleapis.com\">\\n\n <link rel=\"preconnect\" href=\"https://fonts.gstatic.com\" crossorigin>\\n\n <link href=\"https://fonts.googleapis.com/css2?family=Noto+Sans+JP:wght@300;400;500;700&family=Outfit:wght@300;400;600;700&display=swap\" rel=\"stylesheet\">\\n\n \\n\n <!-- Bootstrap CSS (CDN) -->\\n\n <link href=\"https://cdn.jsdelivr.net/npm/bootstrap@5.3.3/dist/css/bootstrap.min.css\" rel=\"stylesheet\" integrity=\"sha384-QWTKZyjpPEjISv5WaRU9OFeRpok6YctnYmDr5pNlyT2bRjXh0JMhjY6hW+ALEwIH\" crossorigin=\"anonymous\">\\n\n \\n\n <style>\\n\n /* \u548c\u30e2\u30c0\u30f3\u3092\u30d9\u30fc\u30b9\u306b\u3057\u305f\u30d7\u30ec\u30df\u30a2\u30e0\u30ab\u30e9\u30fc\u30d1\u30ec\u30c3\u30c8 (CSS\u30a4\u30f3\u30e9\u30a4\u30f3\u7981\u6b62\u306b\u3064\u304d\u3001\u5171\u901aCSS\u306flayouts/app\u5185\u306b\u914d\u7f6e) */\\n\n :root {\\n\n --primary-color: #8c1d30; /* \u6df1\u3044\u30a8\u30f3\u30b8\u8272 (\u5bbf\u5834\u307e\u3064\u308a\u306e\u6d3b\u6c17\u3068\u4f1d\u7d71) */\\n\n --primary-hover: #6d1524;\\n\n --secondary-color: #1c2d37; /* \u6fc3\u7d3a\u30fb\u9244\u7d3a (\u30d5\u30a9\u30fc\u30de\u30eb\u3001\u4fe1\u983c\u611f) */\\n\n --bg-color: #f7f5f2; /* \u67d4\u3089\u304b\u3044\u548c\u7d19\u98a8\u306e\u6de1\u3044\u30b0\u30ec\u30fc\u30fb\u30d9\u30fc\u30b8\u30e5 */\\n\n --card-bg: #ffffff;\\n\n --text-color: #2b2b2b;\\n\n --border-color: #e5dfd5;\\n\n --font-family: 'Noto Sans JP', 'Outfit', sans-serif;\\n\n }\\n\n\\n\n body {\\n\n background-color: var(--bg-color);\\n\n color: var(--text-color);\\n\n font-family: var(--font-family);\\n\n font-size: 0.95rem;\\n\n min-height: 100vh;\\n\n display: flex;\\n\n flex-direction: column;\\n\n }\\n\n\\n\n .navbar {\\n\n background-color: var(--secondary-color) !important;\\n\n border-bottom: 3px solid var(--primary-color);\\n\n box-shadow: 0 4px 12px rgba(0, 0, 0, 0.1);\\n\n }\\n\n\\n\n .navbar-brand {\\n\n font-family: 'Noto Sans JP', sans-serif;\\n\n font-weight: 700;\\n\n letter-spacing: 0.05em;\\n\n color: #ffffff !important;\\n\n }\\n\n\\n\n .navbar-brand span {\\n\n color: #f5c885; /* \u91d1\u8272\u30fb\u5c71\u5439\u8272 */\\n\n font-size: 0.8em;\\n\n display: block;\\n\n font-weight: 300;\\n\n }\\n\n\\n\n .nav-link {\\n\n color: #e0e5e8 !important;\\n\n font-weight: 500;\\n\n transition: color 0.2s ease;\\n\n }\\n\n\\n\n .nav-link:hover, .nav-link.active {\\n\n color: #f5c885 !important;\\n\n }\\n\n\\n\n .btn-primary {\\n\n background-color: var(--primary-color);\\n\n border-color: var(--primary-color);\\n\n font-weight: 500;\\n\n padding: 0.5rem 1.25rem;\\n\n border-radius: 6px;\\n\n transition: all 0.2s ease;\\n\n }\\n\n\\n\n .btn-primary:hover, .btn-primary:focus {\\n\n background-color: var(--primary-hover);\\n\n border-color: var(--primary-hover);\\n\n transform: translateY(-1px);\\n\n box-shadow: 0 4px 8px rgba(140, 29, 48, 0.2);\\n\n }\\n\n\\n\n .card {\\n\n background-color: var(--card-bg);\\n\n border: 1px solid var(--border-color);\\n\n border-radius: 10px;\\n\n box-shadow: 0 4px 6px rgba(0, 0, 0, 0.02);\\n\n }\\n\n\\n\n .card-header {\\n\n background-color: transparent;\\n\n border-bottom: 1px solid var(--border-color);\\n\n font-weight: 700;\\n\n color: var(--secondary-color);\\n\n padding: 1.25rem;\\n\n }\\n\n\\n\n footer {\\n\n margin-top: auto;\\n\n background-color: #111b22;\\n\n color: #8c9fae;\\n\n border-top: 1px solid #1c2d37;\\n\n padding: 1.5rem 0;\\n\n font-size: 0.85rem;\\n\n }\\n\n \\n\n /* \u30d0\u30c3\u30b8\u30ab\u30e9\u30fc */\\n\n .badge-admin { background-color: #dc3545; }\\n\n .badge-kanji { background-color: #fd7e14; }\\n\n .badge-general { background-color: #198754; }\\n\n \\n\n /* \u30e6\u30fc\u30c6\u30a3\u30ea\u30c6\u30a3 */\\n\n .text-primary-color { color: var(--primary-color) !important; }\\n\n .bg-primary-color { background-color: var(--primary-color) !important; }\\n\n </style>\\n\n</head>\\n\n<body>\\n\n\\n\n <!-- \u5171\u901a\u30d8\u30c3\u30c0\u30fc\u30ca\u30d3\u30b2\u30fc\u30b7\u30e7\u30f3 -->\\n\n <nav class=\"navbar navbar-expand-lg navbar-dark bg-dark\">\\n\n <div class=\"container\">\\n\n <a class=\"navbar-brand\" href=\"https://www.syukuba.home/dashboard\">\\n\n \u4fdd\u571f\u30b1\u8c37\u5bbf\u5834\u307e\u3064\u308a\\n\n <span>\u5b9f\u884c\u59d4\u54e1\u4f1a \u5b9f\u52d9\u7ba1\u7406\u30b7\u30b9\u30c6\u30e0</span>\\n\n </a>\\n\n \\n\n <button class=\"navbar-toggler\" type=\"button\" data-bs-toggle=\"collapse\" data-bs-target=\"#navbarNav\" aria-controls=\"navbarNav\" aria-expanded=\"false\" aria-label=\"Toggle navigation\">\\n\n <span class=\"navbar-toggler-icon\"></span>\\n\n </button>\\n\n <div class=\"collapse navbar-collapse\" id=\"navbarNav\">\\n\n <ul class=\"navbar-nav me-auto mb-2 mb-lg-0\">\\n\n <li class=\"nav-link-item\">\\n\n <a class=\"nav-link \" href=\"https://www.syukuba.home/dashboard\">\u30dd\u30fc\u30bf\u30eb</a>\\n\n </li>\\n\n <li class=\"nav-link-item ms-lg-2\">\\n\n <a class=\"nav-link \" href=\"https://www.syukuba.home/meetings\">\u4f1a\u8b70\u7ba1\u7406</a>\\n\n </li>\\n\n \\n\n \\n\n <!-- \u30b7\u30b9\u30c6\u30e0\u7ba1\u7406\u8005\u9650\u5b9a\u30e1\u30cb\u30e5\u30fc -->\\n\n </ul>\\n\n \\n\n <!-- \u958b\u50ac\u5e74\uff08\u5e74\u5ea6\uff09\u5207\u308a\u66ff\u3048\u6a5f\u80fd -->\\n\n <div class=\"d-flex align-items-center me-lg-4 my-2 my-lg-0\">\\n\n <span class=\"text-light-emphasis me-2 text-white-50 small\">\u5bfe\u8c61\u5e74:</span>\\n\n <!-- \u4e00\u822c\u4f1a\u54e1\u306f\u30c6\u30ad\u30b9\u30c8\u8868\u793a\u306e\u307f -->\\n\n <span class=\"badge bg-secondary\">\\n\n 2026\u5e74\\n\n </span>\\n\n </div>\\n\n\\n\n <!-- \u30ed\u30b0\u30a4\u30f3\u30e6\u30fc\u30b6\u30fc\u60c5\u5831 & \u30a2\u30af\u30b7\u30e7\u30f3 -->\\n\n <div class=\"d-flex align-items-center ms-lg-2\">\\n\n <div class=\"text-end text-lg-start me-3 text-white-50 small\">\\n\n <span class=\"d-block text-white fw-bold\">\u4e00\u822c \u6b21\u90ce \u69d8</span>\\n\n <span class=\"badge badge-general badge-sm\">\u4e00\u822c\u4f1a\u54e1</span>\\n\n </div>\\n\n <div class=\"dropdown\">\\n\n <button class=\"btn btn-outline-light btn-sm dropdown-toggle\" type=\"button\" id=\"userMenuButton\" data-bs-toggle=\"dropdown\" aria-expanded=\"false\">\\n\n \u30e1\u30cb\u30e5\u30fc\\n\n </button>\\n\n <ul class=\"dropdown-menu dropdown-menu-end dropdown-menu-dark\" aria-labelledby=\"userMenuButton\">\\n\n <li><a class=\"dropdown-item\" href=\"https://www.syukuba.home/mypage\">\u30de\u30a4\u30da\u30fc\u30b8</a></li>\\n\n <li><hr class=\"dropdown-divider\"></li>\\n\n <li>\\n\n <form action=\"https://www.syukuba.home/logout\" method=\"POST\" class=\"d-inline\">\\n\n <input type=\"hidden\" name=\"_token\" value=\"VpKuv3pBD0sYmwUmAwv7va0s0mN8L1dasf4ISXGl\" autocomplete=\"off\"> <button type=\"submit\" class=\"dropdown-item text-danger\">\u30ed\u30b0\u30a2\u30a6\u30c8</button>\\n\n </form>\\n\n </li>\\n\n </ul>\\n\n </div>\\n\n </div>\\n\n </div>\\n\n </div>\\n\n </nav>\\n\n\\n\n <!-- \u30e1\u30a4\u30f3\u30b3\u30f3\u30c6\u30f3\u30c4 -->\\n\n <main class=\"py-4 my-2 flex-grow-1\">\\n\n <div class=\"container\">\\n\n <!-- \u30d5\u30e9\u30c3\u30b7\u30e5\u30e1\u30c3\u30bb\u30fc\u30b8 -->\\n\n \\n\n \\n\n <link rel=\"stylesheet\" href=\"/css/equipment.css\">\\n\n<div class=\"alert alert-info\">\\n\n DEBUG: \\n\n auth_user: member@example.com <br>\\n\n can_manage_method: NO <br>\\n\n gate_allows: NO\\n\n</div>\\n\n<style>\\n\n .matrix-table-container {\\n\n overflow-x: auto;\\n\n max-width: 100%;\\n\n background: #fff;\\n\n border-radius: 8px;\\n\n box-shadow: 0 4px 12px rgba(0,0,0,0.05);\\n\n }\\n\n .table-matrix th, .table-matrix td {\\n\n vertical-align: middle;\\n\n text-align: center;\\n\n border-color: #f0f0f0;\\n\n font-size: 0.9rem;\\n\n }\\n\n .table-matrix th.sticky-col, .table-matrix td.sticky-col {\\n\n position: sticky;\\n\n left: 0;\\n\n background-color: #fff;\\n\n z-index: 10;\\n\n text-align: left;\\n\n border-right: 2px solid #ddd;\\n\n min-width: 180px;\\n\n }\\n\n .table-matrix th.sticky-col {\\n\n background-color: #f8f9fa;\\n\n z-index: 11;\\n\n }\\n\n .table-matrix tr:hover td.sticky-col {\\n\n background-color: #f1f3f5;\\n\n }\\n\n .category-divider {\\n\n background-color: #fdf6f0 !important;\\n\n font-weight: bold;\\n\n color: #8c1d30;\\n\n text-align: left !important;\\n\n font-size: 0.95rem;\\n\n }\\n\n .cell-number {\\n\n font-weight: 600;\\n\n color: #495057;\\n\n }\\n\n .cell-amount {\\n\n font-size: 0.75rem;\\n\n color: #8c1d30;\\n\n display: block;\\n\n font-weight: normal;\\n\n }\\n\n .total-row {\\n\n background-color: #f8f9fa;\\n\n font-weight: bold;\\n\n }\\n\n .grand-total-section {\\n\n background: #fff;\\n\n border-radius: 8px;\\n\n box-shadow: 0 4px 12px rgba(0,0,0,0.05);\\n\n border-left: 4px solid #8c1d30;\\n\n }\\n\n</style>\\n\n\\n\n<div class=\"row\">\\n\n <div class=\"col-12\">\\n\n <!-- \u30da\u30fc\u30b8\u30d8\u30c3\u30c0\u30fc -->\\n\n <div class=\"d-flex justify-content-between align-items-center mb-4\">\\n\n <div>\\n\n <h3 class=\"fw-bold text-dark mb-1\">\ud83d\udccb \u90e8\u9580\u5225\u30b3\u30b9\u30c8\u914d\u5206\u30de\u30c8\u30ea\u30af\u30b9</h3>\\n\n <p class=\"text-muted small mb-0\">\\n\n \u8868\u793a\u5e74\u5ea6: <span class=\"fw-bold text-primary-color\">2026\u5e74\u5ea6</span>\\n\n </p>\\n\n </div>\\n\n <div>\\n\n <a href=\"https://www.syukuba.home/equipment\" class=\"btn btn-outline-secondary\">\\n\n \u26fa \u5099\u54c1\u30fb\u5009\u5eab\u53f0\u5e33\u306b\u623b\u308b\\n\n </a>\\n\n </div>\\n\n </div>\\n\n\\n\n <!-- \u30bf\u30d6\u30ca\u30d3\u30b2\u30fc\u30b7\u30e7\u30f3 -->\\n\n <ul class=\"nav nav-tabs nav-tabs-wamon mb-4\">\\n\n <li class=\"nav-item\">\\n\n <a class=\"nav-link\" href=\"https://www.syukuba.home/equipment\">\ud83d\udcca \u30c0\u30c3\u30b7\u30e5\u30dc\u30fc\u30c9</a>\\n\n </li>\\n\n <li class=\"nav-item\">\\n\n <a class=\"nav-link active\" href=\"https://www.syukuba.home/equipment/matrix\">\ud83d\udccb \u90e8\u9580\u5225\u30b3\u30b9\u30c8\u914d\u5206</a>\\n\n </li>\\n\n </ul>\\n\n\\n\n \\n\n <!-- \u30de\u30c8\u30ea\u30af\u30b9\u8868\u30ab\u30fc\u30c9 -->\\n\n <div class=\"card border-0 shadow-sm p-4 mb-4\">\\n\n <div class=\"d-flex justify-content-between align-items-center mb-3\">\\n\n <h5 class=\"fw-bold text-dark mb-0\">\u5916\u90e8\u30ec\u30f3\u30bf\u30eb\u6a5f\u6750\u30fb\u8af8\u7d4c\u8cbb \u90e8\u9580\u914d\u5206\u30de\u30c8\u30ea\u30af\u30b9</h5>\\n\n <span class=\"text-muted small\">\u203b\u4e00\u822c\u4f1a\u54e1\u306b\u306f\u5272\u5f53\u6570\u91cf\u306e\u307f\u304c\u8868\u793a\u3055\u308c\u307e\u3059\u3002</span>\\n\n </div>\\n\n\\n\n <div class=\"matrix-table-container\">\\n\n <table class=\"table table-bordered table-hover table-matrix mb-0\">\\n\n <thead class=\"table-light\">\\n\n <tr>\\n\n <th scope=\"col\" class=\"sticky-col\">\u30ec\u30f3\u30bf\u30eb\u54c1\u540d / \u8af8\u7d4c\u8cbb\u9805\u76ee</th>\\n\n <th scope=\"col\" style=\"min-width: 80px;\">\u624b\u914d\u7dcf\u6570</th>\\n\n \\n\n <!-- \u90e8\u9580\u30d8\u30c3\u30c0\u30fc -->\\n\n <th scope=\"col\" style=\"min-width: 100px;\">\u307e\u3064\u308a\u5171\u901a</th>\\n\n <th scope=\"col\" style=\"min-width: 100px;\">\u672c\u9663</th>\\n\n <th scope=\"col\" style=\"min-width: 100px;\">\u4fdd\u5b88/\u8a2d\u5099\u7ba1\u7406</th>\\n\n <th scope=\"col\" style=\"min-width: 100px;\">\u98df\u54c1\u885b\u751f\u5bfe\u5fdc</th>\\n\n <th scope=\"col\" style=\"min-width: 100px;\">\u30a4\u30d9\u30f3\u30c8(\u30b9\u30c6\u30fc\u30b8\u7b49)</th>\\n\n <th scope=\"col\" style=\"min-width: 100px;\">\u4fdd\u571f\u30b1\u8c37\u8b66\u5bdf\u7f72</th>\\n\n <th scope=\"col\" style=\"min-width: 100px;\">\u30d6\u30fc\u30b91</th>\\n\n <th scope=\"col\" style=\"min-width: 100px;\">\u30d6\u30fc\u30b92</th>\\n\n <th scope=\"col\" style=\"min-width: 100px;\">\u30d6\u30fc\u30b93</th>\\n\n \\n\n <!-- \u3054\u3056\u5e02\u7528\u8cb8\u4e0e\u54c1 -->\\n\n <th scope=\"col\" style=\"min-width: 110px;\">\u203b\u3054\u3056\u5e02\u51fa\u5e97\u7528</th>\\n\n\\n\n <th scope=\"col\" style=\"min-width: 100px;\" class=\"table-secondary\">\u672a\u5272\u5f53\u6b8b\u6570</th>\\n\n </tr>\\n\n </thead>\\n\n <tbody>\\n\n \\n\n <!-- \u30b0\u30eb\u30fc\u30d7\u533a\u5207\u308a\u884c -->\\n\n <tr>\\n\n <td colspan=\"13\" class=\"category-divider\">\\n\n \u30ec\u30f3\u30bf\u30eb\u6a5f\u6750\u30fb\u8cc7\u6750\\n\n </td>\\n\n </tr>\\n\n\\n\n <tr>\\n\n <!-- \u54c1\u540d -->\\n\n <td class=\"sticky-col fw-bold\">\\n\n \u30d1\u30a4\u30d7\u30c6\u30f3\u30c8\\n\n <small class=\"text-muted d-block\" style=\"font-size: 0.75rem;\">1.5k x 2k</small>\\n\n </td>\\n\n \\n\n <!-- \u624b\u914d\u7dcf\u6570 -->\\n\n <td>\\n\n <span class=\"cell-number\">15</span>\\n\n <small class=\"text-muted\">\u5f35</small>\\n\n </td>\\n\n\\n\n \\n\n <!-- \u5404\u90e8\u9580\u306e\u30bb\u30eb -->\\n\n <td>\\n\n <span class=\"cell-number text-primary\">3</span>\\n\n <small class=\"text-muted\">\u5f35</small>\\n\n </td>\\n\n <td>\\n\n <span class=\"text-muted\">-</span>\\n\n </td>\\n\n <td>\\n\n <span class=\"text-muted\">-</span>\\n\n </td>\\n\n <td>\\n\n <span class=\"cell-number text-primary\">5</span>\\n\n <small class=\"text-muted\">\u5f35</small>\\n\n </td>\\n\n <td>\\n\n <span class=\"text-muted\">-</span>\\n\n </td>\\n\n <td>\\n\n <span class=\"text-muted\">-</span>\\n\n </td>\\n\n <td>\\n\n <span class=\"cell-number text-primary\">1</span>\\n\n <small class=\"text-muted\">\u5f35</small>\\n\n </td>\\n\n <td>\\n\n <span class=\"cell-number text-primary\">1</span>\\n\n <small class=\"text-muted\">\u5f35</small>\\n\n </td>\\n\n <td>\\n\n <span class=\"text-muted\">-</span>\\n\n </td>\\n\n \\n\n <!-- \u3054\u3056\u5e02 -->\\n\n <td>\\n\n <span class=\"text-muted\">-</span>\\n\n </td>\\n\n\\n\n <!-- \u53f3\u7aef\u5408\u8a08\u91d1\u984d or \u672a\u5272\u5f53\u6b8b\u6570 -->\\n\n <td>\\n\n <span class=\"badge bg-warning text-dark\">5</span>\\n\n </td>\\n\n </tr>\\n\n <tr>\\n\n <!-- \u54c1\u540d -->\\n\n <td class=\"sticky-col fw-bold\">\\n\n \u9632\u97f3\u578b\u767a\u96fb\u6a5f\\n\n <small class=\"text-muted d-block\" style=\"font-size: 0.75rem;\">2.5kVA</small>\\n\n </td>\\n\n \\n\n <!-- \u624b\u914d\u7dcf\u6570 -->\\n\n <td>\\n\n <span class=\"cell-number\">3</span>\\n\n <small class=\"text-muted\">\u53f0</small>\\n\n </td>\\n\n\\n\n \\n\n <!-- \u5404\u90e8\u9580\u306e\u30bb\u30eb -->\\n\n <td>\\n\n <span class=\"text-muted\">-</span>\\n\n </td>\\n\n <td>\\n\n <span class=\"text-muted\">-</span>\\n\n </td>\\n\n <td>\\n\n <span class=\"text-muted\">-</span>\\n\n </td>\\n\n <td>\\n\n <span class=\"text-muted\">-</span>\\n\n </td>\\n\n <td>\\n\n <span class=\"text-muted\">-</span>\\n\n </td>\\n\n <td>\\n\n <span class=\"text-muted\">-</span>\\n\n </td>\\n\n <td>\\n\n <span class=\"text-muted\">-</span>\\n\n </td>\\n\n <td>\\n\n <span class=\"text-muted\">-</span>\\n\n </td>\\n\n <td>\\n\n <span class=\"text-muted\">-</span>\\n\n </td>\\n\n \\n\n <!-- \u3054\u3056\u5e02 -->\\n\n <td>\\n\n <span class=\"text-muted\">-</span>\\n\n </td>\\n\n\\n\n <!-- \u53f3\u7aef\u5408\u8a08\u91d1\u984d or \u672a\u5272\u5f53\u6b8b\u6570 -->\\n\n <td>\\n\n <span class=\"badge bg-warning text-dark\">3</span>\\n\n </td>\\n\n </tr>\\n\n <!-- \u30b0\u30eb\u30fc\u30d7\u533a\u5207\u308a\u884c -->\\n\n <tr>\\n\n <td colspan=\"13\" class=\"category-divider\">\\n\n \u8af8\u7d4c\u8cbb\u30fb\u30b5\u30fc\u30d3\u30b9\\n\n </td>\\n\n </tr>\\n\n\\n\n <tr>\\n\n <!-- \u54c1\u540d -->\\n\n <td class=\"sticky-col fw-bold\">\\n\n \u30d7\u30ed\u30d1\u30f3\u30ac\u30b9\\n\n <small class=\"text-muted d-block\" style=\"font-size: 0.75rem;\">20kg \u4e8c\u53e3\u51fa\u3057</small>\\n\n </td>\\n\n \\n\n <!-- \u624b\u914d\u7dcf\u6570 -->\\n\n <td>\\n\n <span class=\"cell-number\">1</span>\\n\n <small class=\"text-muted\">\u672c</small>\\n\n </td>\\n\n\\n\n \\n\n <!-- \u5404\u90e8\u9580\u306e\u30bb\u30eb -->\\n\n <td>\\n\n <span class=\"text-muted\">-</span>\\n\n </td>\\n\n <td>\\n\n <span class=\"text-muted\">-</span>\\n\n </td>\\n\n <td>\\n\n <span class=\"text-muted\">-</span>\\n\n </td>\\n\n <td>\\n\n <span class=\"text-muted\">-</span>\\n\n </td>\\n\n <td>\\n\n <span class=\"text-muted\">-</span>\\n\n </td>\\n\n <td>\\n\n <span class=\"text-muted\">-</span>\\n\n </td>\\n\n <td>\\n\n <span class=\"text-muted\">-</span>\\n\n </td>\\n\n <td>\\n\n <span class=\"text-muted\">-</span>\\n\n </td>\\n\n <td>\\n\n <span class=\"text-muted\">-</span>\\n\n </td>\\n\n \\n\n <!-- \u3054\u3056\u5e02 -->\\n\n <td>\\n\n <span class=\"text-muted\">-</span>\\n\n </td>\\n\n\\n\n <!-- \u53f3\u7aef\u5408\u8a08\u91d1\u984d or \u672a\u5272\u5f53\u6b8b\u6570 -->\\n\n <td>\\n\n <span class=\"badge bg-warning text-dark\">1</span>\\n\n </td>\\n\n </tr>\\n\n <tr>\\n\n <!-- \u54c1\u540d -->\\n\n <td class=\"sticky-col fw-bold\">\\n\n \u642c\u5165\u642c\u51fa\u904b\u642c\u8cbb\\n\n <small class=\"text-muted d-block\" style=\"font-size: 0.75rem;\">4t\u8eca</small>\\n\n </td>\\n\n \\n\n <!-- \u624b\u914d\u7dcf\u6570 -->\\n\n <td>\\n\n <span class=\"cell-number\">8</span>\\n\n <small class=\"text-muted\">\u56de</small>\\n\n </td>\\n\n\\n\n \\n\n <!-- \u5404\u90e8\u9580\u306e\u30bb\u30eb -->\\n\n <td>\\n\n <span class=\"text-muted\">-</span>\\n\n </td>\\n\n <td>\\n\n <span class=\"text-muted\">-</span>\\n\n </td>\\n\n <td>\\n\n <span class=\"text-muted\">-</span>\\n\n </td>\\n\n <td>\\n\n <span class=\"text-muted\">-</span>\\n\n </td>\\n\n <td>\\n\n <span class=\"text-muted\">-</span>\\n\n </td>\\n\n <td>\\n\n <span class=\"text-muted\">-</span>\\n\n </td>\\n\n <td>\\n\n <span class=\"text-muted\">-</span>\\n\n </td>\\n\n <td>\\n\n <span class=\"text-muted\">-</span>\\n\n </td>\\n\n <td>\\n\n <span class=\"text-muted\">-</span>\\n\n </td>\\n\n \\n\n <!-- \u3054\u3056\u5e02 -->\\n\n <td>\\n\n <span class=\"text-muted\">-</span>\\n\n </td>\\n\n\\n\n <!-- \u53f3\u7aef\u5408\u8a08\u91d1\u984d or \u672a\u5272\u5f53\u6b8b\u6570 -->\\n\n <td>\\n\n <span class=\"badge bg-warning text-dark\">8</span>\\n\n </td>\\n\n </tr>\\n\n <tr>\\n\n <!-- \u54c1\u540d -->\\n\n <td class=\"sticky-col fw-bold\">\\n\n \u8a2d\u55b6\u4eba\u4ef6\u8cbb\\n\n <small class=\"text-muted d-block\" style=\"font-size: 0.75rem;\">\u8a2d\u55b6\u30fb\u64a4\u53bb\u30b9\u30bf\u30c3\u30d5</small>\\n\n </td>\\n\n \\n\n <!-- \u624b\u914d\u7dcf\u6570 -->\\n\n <td>\\n\n <span class=\"cell-number\">4</span>\\n\n <small class=\"text-muted\">\u4eba</small>\\n\n </td>\\n\n\\n\n \\n\n <!-- \u5404\u90e8\u9580\u306e\u30bb\u30eb -->\\n\n <td>\\n\n <span class=\"text-muted\">-</span>\\n\n </td>\\n\n <td>\\n\n <span class=\"text-muted\">-</span>\\n\n </td>\\n\n <td>\\n\n <span class=\"text-muted\">-</span>\\n\n </td>\\n\n <td>\\n\n <span class=\"text-muted\">-</span>\\n\n </td>\\n\n <td>\\n\n <span class=\"text-muted\">-</span>\\n\n </td>\\n\n <td>\\n\n <span class=\"text-muted\">-</span>\\n\n </td>\\n\n <td>\\n\n <span class=\"text-muted\">-</span>\\n\n </td>\\n\n <td>\\n\n <span class=\"text-muted\">-</span>\\n\n </td>\\n\n <td>\\n\n <span class=\"text-muted\">-</span>\\n\n </td>\\n\n \\n\n <!-- \u3054\u3056\u5e02 -->\\n\n <td>\\n\n <span class=\"text-muted\">-</span>\\n\n </td>\\n\n\\n\n <!-- \u53f3\u7aef\u5408\u8a08\u91d1\u984d or \u672a\u5272\u5f53\u6b8b\u6570 -->\\n\n <td>\\n\n <span class=\"badge bg-warning text-dark\">4</span>\\n\n </td>\\n\n </tr>\\n\n \\n\n <!-- \u5408\u8a08\u884c\uff08\u5e79\u4e8b\u30fb\u7ba1\u7406\u8005\u306e\u307f\u91d1\u984d\u5408\u8a08\u3092\u8868\u793a\uff09 -->\\n\n <tr class=\"total-row\">\\n\n <td class=\"sticky-col\">\u5272\u5f53\u5408\u8a08</td>\\n\n <td>-</td>\\n\n \\n\n <!-- \u90e8\u9580\u5225\u5408\u8a08 -->\\n\n <td>\\n\n <span class=\"cell-number text-dark\">3</span>\\n\n </td>\\n\n <td>\\n\n <span class=\"cell-number text-dark\">0</span>\\n\n </td>\\n\n <td>\\n\n <span class=\"cell-number text-dark\">0</span>\\n\n </td>\\n\n <td>\\n\n <span class=\"cell-number text-dark\">5</span>\\n\n </td>\\n\n <td>\\n\n <span class=\"cell-number text-dark\">0</span>\\n\n </td>\\n\n <td>\\n\n <span class=\"cell-number text-dark\">0</span>\\n\n </td>\\n\n <td>\\n\n <span class=\"cell-number text-dark\">1</span>\\n\n </td>\\n\n <td>\\n\n <span class=\"cell-number text-dark\">1</span>\\n\n </td>\\n\n <td>\\n\n <span class=\"cell-number text-dark\">0</span>\\n\n </td>\\n\n \\n\n <!-- \u3054\u3056\u5e02\u5408\u8a08 -->\\n\n <td>\\n\n <span class=\"cell-number text-dark\">0</span>\\n\n </td>\\n\n\\n\n <!-- \u7dcf\u5408\u8a08 -->\\n\n <td>-</td>\\n\n </tr>\\n\n </tbody>\\n\n </table>\\n\n </div>\\n\n </div>\\n\n\\n\n <!-- \u6599\u91d1\u6982\u8981\u30fb\u5024\u5f15\u304d\u30fb\u6d88\u8cbb\u7a0e\u7de8\u96c6\u30bb\u30af\u30b7\u30e7\u30f3\uff08\u5e79\u4e8b\u30fb\u7ba1\u7406\u8005\u306e\u307f\u8868\u793a\uff09 -->\\n\n </div>\\n\n</div>\\n\n </div>\\n\n </main>\\n\n\\n\n <!-- \u30d5\u30c3\u30bf\u30fc -->\\n\n <footer class=\"text-center\">\\n\n <div class=\"container\">\\n\n <p class=\"mb-1\">&copy; 2026 \u4fdd\u571f\u30b1\u8c37\u5bbf\u5834\u307e\u3064\u308a\u5b9f\u884c\u59d4\u54e1\u4f1a. All Rights Reserved.</p>\\n\n <p class=\"small mb-0 text-white-50\">\u5b9f\u52d9\u7ba1\u7406\u7dcf\u5408\u30b7\u30b9\u30c6\u30e0 (v1.0-alpha)</p>\\n\n </div>\\n\n </footer>\\n\n\\n\n <!-- Bootstrap JS (CDN) -->\\n\n <script src=\"https://cdn.jsdelivr.net/npm/bootstrap@5.3.3/dist/js/bootstrap.bundle.min.js\" integrity=\"sha384-YvpcrYf0tY3lHB60NNkmXc5s9fDVZLESaAA55NDzOxhy9GkcIdslK1eN7N6jIeHz\" crossorigin=\"anonymous\"></script>\\n\n \\n\n <!-- \u8a8d\u8a3c\u95a2\u9023\u306eVanilla JS -->\\n\n <script src=\"/js/auth.js\"></script>\\n\n</body>\\n\n</html>\\n\n' [UTF-8](length: 44874) does not contain \"\u5408\u8a08\u91d1\u984d\" [UTF-8](length: 12)."}]}
